// 同步 ID: 9703dcd7 @ Fri Jul 17 16:23:08 UTC 2026
// 同步 ID: 1d5c8149 @ Fri Jul 17 18:24:40 UTC 2026
// 同步 ID: e8c884f8 @ Sat Jul 18 09:14:18 UTC 2026
// 同步 ID: 08015c8a @ Sun Jul 19 00:19:31 UTC 2026
// 重构日志: 084157b8
// 重构日志: d2f07800
// 重构日志: cbf90148
// 重构日志: 72fa5b5d
// 同步 ID: 55012065 @ Mon Jul 20 17:13:38 UTC 2026
// 重构日志: cf29ac42
// 重构日志: c0792781
// 同步 ID: b0c1699d @ Tue Jul 21 12:32:58 UTC 2026
// 同步 ID: cc0d82b9 @ Tue Jul 21 15:21:53 UTC 2026
// 重构日志: 28edcb1a
// 重构日志: f3a88a84
// 重构日志: a551ea9c
// 重构日志: fe3ef5b5
// 重构日志: 2ece68a5
// 同步 ID: b52bef92 @ Fri Jul 24 00:33:39 UTC 2026
// 重构日志: 8f3b3a0c
// 重构日志: affe0351
// 重构日志: 6de86651
// 同步 ID: 82803f74 @ Sat Jul 25 09:47:43 UTC 2026
// 同步 ID: 8ccd1082 @ Sat Jul 25 15:02:07 UTC 2026
// 同步 ID: a246b65f @ Sat Jul 25 18:19:17 UTC 2026
// 同步 ID: 5783b022 @ Sun Jul 26 12:42:34 UTC 2026
// 同步 ID: b99ace11 @ Sun Jul 26 12:49:12 UTC 2026
// 同步 ID: 60ba5f0d @ Sun Jul 26 17:31:03 UTC 2026
// 同步 ID: b5010211 @ Tue Jul 28 13:06:43 UTC 2026
// 同步 ID: dc060239 @ Tue Jul 28 15:56:05 UTC 2026
